[dotenv@17.2.3] injecting env (5) from src\.env -- tip: ≡ƒöÉ prevent building .env in docker: https://dotenvx.com/prebuild
Γ£ô MongoDB Connected
Γ£ô Users found: {
  alice: 'alice@example.com',
  bob: 'bob@example.com',
  charlie: 'test@example.com'
}
Γ£ô Project found: {
  projectId: new UUID('b1d79206-85c5-4199-ac46-e496e2fee1ad'),
  name: 'Website Redesign v2'
}
  Current members: [
  new UUID('46c45aa3-9951-43fa-bd0a-bd864226ec6f'),
  new UUID('443272eb-b050-46ce-88eb-c56bc2ddce11')
]
Γ£ô Token generated for alice: eyJhbGciOiJIUzI1NiIs...

--- Testing Add Members Endpoint ---
POST /api/v1/projects/:projectId/members

  Testing: Add test@example.com
  Emails: test@example.com
  Status: 500
  ERROR: Server Error during member addition transaction.
  Response: {
  "success": false,
  "message": "Server Error during member addition transaction."
}

  Testing: Add non-existent email
  Emails: nonexistent@example.com
  Status: 400
  ERROR: No users found with the provided email addresses.
  Response: {
  "success": false,
  "message": "No users found with the provided email addresses.",
  "notFoundEmails": [
    "nonexistent@example.com"
  ]
}

  Testing: Add already member
  Emails: alice@example.com
  Status: 200
  Response: {
  "success": true,
  "message": "All provided users are already members of this project.",
  "data": {
    "taskStats": {
      "open": 1,
      "closed": 0
    },
    "_id": "b1d79206-85c5-4199-ac46-e496e2fee1ad",
    "name": "Website Redesign v2",
    "description": "Updated description",
    "workspaceId": "daa69f49-b851-4c5a-a8a1-0a3a4dfb1921",
    "ownerId": "46c45aa3-9951-43fa-bd0a-bd864226ec6f",
    "members": [
      "46c45aa3-9951-43fa-bd0a-bd864226ec6f",
      "443272eb-b050-46ce-88eb-c56bc2ddce11"
    ],
    "status": "on-hold",
    "deadline": "2026-01-05T11:47:43.162Z",
    "columnOrder": [
      "888f79ad-b313-4410-a6a8-3a33d386a690",
      "7d04a6d1-794c-444f-96b8-e2a1a99c2d16",
      "c3b9e88e-e9df-42ec-ab9f-7cd77ea59cc2"
    ],
    "createdAt": "2025-12-06T11:47:43.164Z",
    "updatedAt": "2025-12-06T12:19:09.980Z",
    "__v": 1
  }
}

Γ£ô Tests completed
